2026-08-16 18:30:41 INIT (draft) goal='Build trinum per SPEC.md: a Rust calculator engine + Slint UI across Greek, Egyp' budget=10 stall=3
2026-08-16 18:30:42 ACTIVATE criteria=10 budget=10 sealed=10
2026-08-16 18:30:56 EVENT MessageDisplay  status=active passed=0/10
2026-08-16 18:30:58 EVENT PostToolBatch  status=active passed=0/10
2026-08-16 18:31:16 EVENT SubagentStart agent=rot-dtd-goal:goal-planner status=active passed=0/10
2026-08-16 18:31:18 EVENT PostToolUseFailure tool=ScheduleWakeup status=active passed=0/10
2026-08-16 18:31:25 BLOCK iter=1/10 fail=10 sig=e60c9e3a33da5a58
2026-08-16 18:31:26 GATE-CYCLE end iter=1
2026-08-16 18:31:29 EVENT PostToolBatch  status=active passed=0/10
2026-08-16 18:31:34 EVENT MessageDisplay  status=active passed=0/10
2026-08-16 18:31:44 EVENT SubagentStop agent=rot-dtd-goal:goal-planner status=active passed=0/10
2026-08-16 18:33:46 EVENT MessageDisplay  status=active passed=0/10
2026-08-16 18:34:01 EVENT PostToolBatch  status=active passed=0/10
2026-08-16 18:34:34 EVENT PostToolBatch  status=active passed=0/10
2026-08-16 18:35:14 EVENT PostToolBatch  status=active passed=0/10
2026-08-16 18:35:16 EVENT MessageDisplay  status=active passed=0/10
2026-08-16 18:37:38 EVENT PostToolBatch  status=active passed=0/10
2026-08-16 18:37:41 EVENT MessageDisplay  status=active passed=0/10
2026-08-16 18:38:17 EVENT PostToolBatch  status=active passed=0/10
2026-08-16 18:39:50 EVENT PostToolBatch  status=active passed=0/10
2026-08-16 18:39:54 EVENT MessageDisplay  status=active passed=0/10
2026-08-16 18:40:13 CONFIRM re-running all 10 criteria before completion
2026-08-16 18:40:15 VERIFY manual pass=10 fail=0
2026-08-16 18:40:29 EVENT SubagentStart agent=rot-dtd-goal:goal-redteam status=active passed=10/10
2026-08-16 18:40:30 EVENT PostToolBatch  status=active passed=10/10
2026-08-16 18:40:32 EVENT MessageDisplay  status=active passed=10/10
2026-08-16 18:41:39 EVENT PostToolBatch  status=active passed=10/10
2026-08-16 18:41:54 MUTATE ops=corrupt,truncate criteria_with_survivors=0 criteria_all_killed=0
2026-08-16 18:41:55 REDTEAM manual weak=0
2026-08-16 18:42:01 EVENT PostToolUseFailure tool=Bash status=active passed=10/10
2026-08-16 18:42:28 EVENT PostToolBatch  status=active passed=10/10
2026-08-16 18:44:31 EVENT PostToolBatch  status=active passed=10/10
2026-08-16 18:45:15 EVENT PostToolBatch  status=active passed=10/10
2026-08-16 18:45:46 EVENT PostToolBatch  status=active passed=10/10
2026-08-16 18:46:30 EVENT SubagentStop agent=rot-dtd-goal:goal-redteam status=active passed=10/10
2026-08-16 18:47:14 EVENT MessageDisplay  status=active passed=10/10
2026-08-16 18:47:16 EVENT PostToolBatch  status=active passed=10/10
2026-08-16 18:47:38 CONFIRM re-running all 10 criteria before completion
2026-08-16 18:47:43 VERIFY manual pass=10 fail=0
2026-08-16 18:47:45 EVENT MessageDisplay  status=active passed=10/10
2026-08-16 18:47:51 EVENT SubagentStart agent=rot-dtd-goal:goal-contract-auditor status=active passed=10/10
2026-08-16 18:47:51 EVENT PostToolBatch  status=active passed=10/10
2026-08-16 18:47:56 CONFIRM re-running all 10 criteria before completion
2026-08-16 18:47:58 COMPLETE all 10 criteria passed
2026-08-16 18:48:28 EVENT PostToolBatch  status=complete passed=10/10
2026-08-16 18:48:59 EVENT PostToolBatch  status=complete passed=10/10
2026-08-16 18:49:29 EVENT PostToolBatch  status=complete passed=10/10
2026-08-16 18:50:03 EVENT SubagentStop agent=rot-dtd-goal:goal-contract-auditor status=complete passed=10/10
2026-08-16 18:50:06 CONFIRM re-running all 10 criteria before completion
2026-08-16 18:50:08 VERIFY manual pass=10 fail=0
2026-08-16 18:50:08 EVENT PostToolBatch  status=complete passed=10/10
2026-08-16 18:50:15 EVENT MessageDisplay  status=complete passed=10/10
2026-08-16 18:50:16 EVENT SessionEnd reason=other status=complete passed=10/10
