2026-08-16 14:40:58 INIT (draft) goal='--help' budget=8 stall=2
2026-08-16 14:40:58 EVENT PostToolBatch  status=draft passed=0/0
2026-08-16 14:41:03 EVENT MessageDisplay  status=draft passed=0/0
2026-08-16 14:41:04 STATUS -> aborted
2026-08-16 14:41:04 STATUS -> aborted
2026-08-16 14:41:08 INIT (draft) goal='Build csvq.sh: a pure-bash CSV query tool implementing select/count/sum per SPEC' budget=12 stall=4
2026-08-16 14:41:29 EVENT PostToolBatch  status=draft passed=0/10
2026-08-16 14:41:34 EVENT MessageDisplay  status=draft passed=0/10
2026-08-16 14:41:34 ACTIVATE criteria=10 budget=12 sealed=10
2026-08-16 14:41:44 EVENT SubagentStart agent=rot-dtd-goal:goal-redteam status=active passed=0/10
2026-08-16 14:41:48 BLOCK iter=1/12 fail=10 sig=e86dd6bd7356b155
2026-08-16 14:41:48 GATE-CYCLE end iter=1
2026-08-16 14:42:04 REDTEAM manual weak=0
2026-08-16 14:42:21 MUTATE ops=corrupt,truncate survived=8 killed=1
2026-08-16 14:42:21 EVENT PostToolBatch  status=active passed=0/10
2026-08-16 14:42:59 EVENT MessageDisplay  status=active passed=0/10
2026-08-16 14:43:01 EVENT PostToolBatch  status=active passed=0/10
2026-08-16 14:43:15 GUARD denied tool=Bash reason=bash-mutation
2026-08-16 14:43:38 EVENT PostToolBatch  status=active passed=0/10
2026-08-16 14:43:42 EVENT MessageDisplay  status=active passed=0/10
2026-08-16 14:43:49 CONFIRM re-running all 10 criteria before completion
2026-08-16 14:43:50 VERIFY manual pass=10 fail=0
2026-08-16 14:44:09 EVENT PostToolBatch  status=active passed=10/10
2026-08-16 14:44:50 EVENT SubagentStop agent=rot-dtd-goal:goal-redteam status=active passed=10/10
2026-08-16 14:44:58 EVENT MessageDisplay  status=active passed=10/10
2026-08-16 14:45:00 EVENT PostToolBatch  status=active passed=10/10
2026-08-16 14:45:12 CONFIRM re-running all 10 criteria before completion
2026-08-16 14:45:13 VERIFY manual pass=10 fail=0
2026-08-16 14:45:19 CONFIRM re-running all 10 criteria before completion
2026-08-16 14:45:20 COMPLETE all 10 criteria passed
2026-08-16 14:45:20 EVENT SessionEnd reason=other status=complete passed=10/10
2026-08-16 14:45:54 QUEUE-ADD advanced after=-
2026-08-16 14:45:54 QUEUE-ADD hardened after=advanced
2026-08-16 14:46:20 INIT (draft) goal='Extend csvq.sh per SPEC2.md: sort, group, join, max and a numeric where filter, ' budget=10 stall=4
2026-08-16 14:46:20 ACTIVATE criteria=6 budget=10 sealed=6
2026-08-16 14:46:20 QUEUE-ADVANCE from=- to=advanced criteria=6
2026-08-16 14:46:38 EVENT SubagentStart agent=rot-dtd-goal:goal-queue-architect status=active passed=0/6
2026-08-16 14:46:38 EVENT PostToolBatch  status=active passed=0/6
2026-08-16 14:46:54 GUARD denied tool=Bash reason=bash-mutation
2026-08-16 14:47:07 EVENT SubagentStop agent=rot-dtd-goal:goal-queue-architect status=active passed=0/6
2026-08-16 14:47:32 EVENT PostToolBatch  status=active passed=0/6
2026-08-16 14:47:36 EVENT MessageDisplay  status=active passed=0/6
2026-08-16 14:48:02 EVENT PostToolBatch  status=active passed=0/6
2026-08-16 14:48:08 EVENT MessageDisplay  status=active passed=0/6
2026-08-16 14:48:10 CONFIRM re-running all 6 criteria before completion
2026-08-16 14:48:11 VERIFY manual pass=6 fail=0
2026-08-16 14:48:20 CONFIRM re-running all 6 criteria before completion
2026-08-16 14:48:20 COMPLETE all 6 criteria passed
2026-08-16 14:48:20 INIT (draft) goal='Harden csvq.sh per SPEC3.md: edge cases, stdin, unicode and scale, passing six s' budget=10 stall=4
2026-08-16 14:48:21 ACTIVATE criteria=6 budget=10 sealed=6
2026-08-16 14:48:21 REDTEAM activate weak=0
2026-08-16 14:48:21 QUEUE-ADVANCE from=advanced to=hardened criteria=6
2026-08-16 14:48:42 EVENT PostToolBatch  status=active passed=0/6
2026-08-16 14:48:56 EVENT MessageDisplay  status=active passed=0/6
2026-08-16 14:49:18 CONFIRM re-running all 6 criteria before completion
2026-08-16 14:49:27 VERIFY manual pass=6 fail=0
2026-08-16 14:49:27 EVENT PostToolBatch  status=active passed=6/6
2026-08-16 14:49:31 EVENT MessageDisplay  status=active passed=6/6
2026-08-16 14:49:35 EVENT SubagentStart agent=rot-dtd-goal:goal-contract-auditor status=active passed=6/6
2026-08-16 14:49:37 EVENT PostToolUseFailure tool=Read status=active passed=6/6
2026-08-16 14:49:50 GUARD denied tool=Bash reason=bash-mutation
2026-08-16 14:49:53 GUARD denied tool=Bash reason=bash-mutation
2026-08-16 14:49:57 EVENT PostToolBatch  status=active passed=6/6
2026-08-16 14:50:34 EVENT PostToolBatch  status=active passed=6/6
2026-08-16 14:51:16 EVENT PostToolBatch  status=active passed=6/6
2026-08-16 14:51:48 EVENT PostToolBatch  status=active passed=6/6
2026-08-16 14:52:06 EVENT SubagentStop agent=rot-dtd-goal:goal-contract-auditor status=active passed=6/6
2026-08-16 14:52:16 EVENT MessageDisplay  status=active passed=6/6
2026-08-16 14:52:18 CONFIRM re-running all 6 criteria before completion
2026-08-16 14:52:27 COMPLETE all 6 criteria passed (WEAK: H2 WEAK control:passes-in-empty-dir)
2026-08-16 14:52:27 EVENT SessionEnd reason=other status=complete passed=6/6
