2026-08-16 15:18:57 QUEUE-ADD rfc after=-
2026-08-16 15:18:57 QUEUE-ADD relational after=rfc
2026-08-16 15:18:57 QUEUE-ADD ops after=relational
2026-08-16 15:18:57 INIT (draft) goal='Make csvq.sh fully RFC-4180 per SPECQ1.md: multiline quoted records everywhere a' budget=14 stall=5
2026-08-16 15:18:58 ACTIVATE criteria=6 budget=14 sealed=6
2026-08-16 15:18:58 REDTEAM activate weak=0
2026-08-16 15:18:58 QUEUE-ADVANCE from=- to=rfc criteria=6
2026-08-16 15:18:58 SET GATE_REDTEAM=strict
2026-08-16 15:18:58 SET GATE_FLAKY=strict
2026-08-16 15:18:58 SET GATE_MUTATE=warn
2026-08-16 15:19:16 EVENT PostToolBatch  status=active passed=0/6
2026-08-16 15:19:21 EVENT MessageDisplay  status=active passed=0/6
2026-08-16 15:19:45 EVENT SubagentStart agent=rot-dtd-goal:goal-contract-auditor status=active passed=0/6
2026-08-16 15:19:47 EVENT PostToolBatch  status=active passed=0/6
2026-08-16 15:19:49 EVENT SubagentStart agent=rot-dtd-goal:goal-critic status=active passed=0/6
2026-08-16 15:19:50 EVENT PostToolUseFailure tool=Read status=active passed=0/6
2026-08-16 15:19:52 EVENT SubagentStart agent=rot-dtd-goal:goal-forensic status=active passed=0/6
2026-08-16 15:19:55 GUARD denied tool=Bash reason=bash-mutation
2026-08-16 15:19:57 EVENT SubagentStart agent=rot-dtd-goal:goal-planner status=active passed=0/6
2026-08-16 15:19:58 GUARD denied tool=Bash reason=bash-mutation
2026-08-16 15:20:00 EVENT SubagentStart agent=rot-dtd-goal:goal-queue-architect status=active passed=0/6
2026-08-16 15:20:04 EVENT SubagentStart agent=rot-dtd-goal:goal-redteam status=active passed=0/6
2026-08-16 15:20:06 EVENT SubagentStart agent=rot-dtd-goal:goal-verifier status=active passed=0/6
2026-08-16 15:20:09 VERIFY manual pass=1 fail=5
2026-08-16 15:20:16 EVENT SubagentStop agent=rot-dtd-goal:goal-planner status=active passed=1/6
2026-08-16 15:20:21 EVENT SubagentStop agent=rot-dtd-goal:goal-forensic status=active passed=1/6
2026-08-16 15:20:22 GUARD denied tool=Bash reason=bash-mutation
2026-08-16 15:20:22 EVENT PostToolBatch  status=active passed=1/6
2026-08-16 15:20:27 EVENT SubagentStop agent=rot-dtd-goal:goal-verifier status=active passed=1/6
2026-08-16 15:20:29 GUARD denied tool=Bash reason=bash-mutation
2026-08-16 15:20:34 EVENT SubagentStop agent=rot-dtd-goal:goal-queue-architect status=active passed=1/6
2026-08-16 15:20:40 EVENT SubagentStop agent=rot-dtd-goal:goal-redteam status=active passed=1/6
2026-08-16 15:20:48 EVENT SubagentStop agent=rot-dtd-goal:goal-critic status=active passed=1/6
2026-08-16 15:20:58 EVENT PostToolBatch  status=active passed=1/6
2026-08-16 15:21:38 EVENT SubagentStop agent=rot-dtd-goal:goal-contract-auditor status=active passed=1/6
2026-08-16 15:21:38 EVENT PostToolBatch  status=active passed=1/6
2026-08-16 15:23:13 EVENT MessageDisplay  status=active passed=1/6
2026-08-16 15:23:14 EVENT PostToolBatch  status=active passed=1/6
2026-08-16 15:25:31 EVENT MessageDisplay  status=active passed=1/6
2026-08-16 15:25:34 EVENT PostToolBatch  status=active passed=1/6
2026-08-16 15:25:53 FRESHNESS cleared=1 kept=0 path=/home/user/bench2-csvq/csvq.sh
2026-08-16 15:26:01 EVENT MessageDisplay  status=active passed=0/6
2026-08-16 15:26:02 CONFIRM re-running all 6 criteria before completion
2026-08-16 15:26:02 VERIFY manual pass=6 fail=0
2026-08-16 15:26:13 EVENT PostToolBatch  status=active passed=6/6
2026-08-16 15:28:18 EVENT PostToolUseFailure tool=Bash status=active passed=6/6
2026-08-16 15:28:18 EVENT PostToolBatch  status=active passed=6/6
2026-08-16 15:28:37 EVENT PostToolUseFailure tool=Bash status=active passed=6/6
2026-08-16 15:28:49 EVENT PostToolBatch  status=active passed=6/6
2026-08-16 15:29:25 EVENT MessageDisplay  status=active passed=6/6
2026-08-16 15:29:27 EVENT PostToolBatch  status=active passed=6/6
2026-08-16 15:29:33 FRESHNESS cleared=6 kept=0 path=/home/user/bench2-csvq/csvq.sh
2026-08-16 15:30:36 EVENT PostToolBatch  status=active passed=0/6
2026-08-16 15:31:52 EVENT PostToolUseFailure tool=Bash status=active passed=0/6
2026-08-16 15:31:52 EVENT PostToolBatch  status=active passed=0/6
2026-08-16 15:32:31 EVENT PostToolBatch  status=active passed=0/6
2026-08-16 15:33:12 EVENT PostToolBatch  status=active passed=0/6
2026-08-16 15:33:44 EVENT PostToolUseFailure tool=Bash status=active passed=0/6
2026-08-16 15:33:44 EVENT PostToolBatch  status=active passed=0/6
2026-08-16 15:34:41 EVENT PostToolBatch  status=active passed=0/6
2026-08-16 15:34:45 EVENT MessageDisplay  status=active passed=0/6
2026-08-16 15:36:57 EVENT PostToolBatch  status=active passed=0/6
2026-08-16 15:37:35 EVENT PostToolBatch  status=active passed=0/6
2026-08-16 15:37:52 EVENT MessageDisplay  status=active passed=0/6
2026-08-16 15:38:21 EVENT PostToolBatch  status=active passed=0/6
2026-08-16 15:38:28 EVENT MessageDisplay  status=active passed=0/6
2026-08-16 15:38:29 CONFIRM re-running all 6 criteria before completion
2026-08-16 15:38:30 VERIFY manual pass=6 fail=0
2026-08-16 15:40:25 EVENT PostToolBatch  status=active passed=6/6
2026-08-16 15:40:43 EVENT MessageDisplay  status=active passed=6/6
2026-08-16 15:40:51 EVENT SubagentStart agent=rot-dtd-goal:goal-redteam status=active passed=6/6
2026-08-16 15:40:56 EVENT PostToolBatch  status=active passed=6/6
2026-08-16 15:41:29 EVENT PostToolBatch  status=active passed=6/6
2026-08-16 15:42:02 EVENT PostToolBatch  status=active passed=6/6
2026-08-16 15:42:43 EVENT PostToolBatch  status=active passed=6/6
2026-08-16 15:42:50 REDTEAM manual weak=1
2026-08-16 15:42:55 EVENT MessageDisplay  status=active passed=6/6
2026-08-16 15:43:14 EVENT PostToolBatch  status=active passed=6/6
2026-08-16 15:43:18 EVENT SubagentStop agent=rot-dtd-goal:goal-redteam status=active passed=6/6
2026-08-16 15:43:57 EVENT MessageDisplay  status=active passed=6/6
2026-08-16 15:43:57 EVENT PostToolBatch  status=active passed=6/6
2026-08-16 15:44:00 FRESHNESS cleared=6 kept=0 path=/home/user/bench2-csvq/csvq.sh
2026-08-16 15:44:16 CONFIRM re-running all 6 criteria before completion
2026-08-16 15:44:17 VERIFY manual pass=6 fail=0
2026-08-16 15:46:20 EVENT PostToolBatch  status=active passed=6/6
2026-08-16 15:46:22 EVENT MessageDisplay  status=active passed=6/6
2026-08-16 15:46:34 EVENT PostToolUseFailure tool=ScheduleWakeup status=active passed=6/6
2026-08-16 15:46:46 MUTATE ops=delete,truncate,corrupt survived=6 killed=0
2026-08-16 15:47:10 EVENT PostToolBatch  status=active passed=6/6
2026-08-16 15:47:22 EVENT MessageDisplay  status=active passed=6/6
2026-08-16 15:47:23 CONFIRM re-running all 6 criteria before completion
2026-08-16 15:47:24 ESCALATE redteam-strict weak=R4 WEAK control:passes-in-empty-dir
2026-08-16 15:47:24 EVENT SessionEnd reason=other status=awaiting_human passed=5/6
2026-08-16 15:47:57 STATUS -> active
2026-08-16 15:47:57 SHARPEN R4 (1/2) reason='red team: original passed in an empty directory (both process substitutions empty); test -x makes absence a failure whil' old_hash=b3b5f39c08290535 old_verify='diff <(./csvq.sh fmt fixtures/multiline.csv | ./csvq.sh fmt -) <(./csvq.sh fmt fixtures/multiline.csv)' new_verify='test -x csvq.sh && diff <(./csvq.sh fmt fixtures/multiline.csv | ./csvq.sh fmt -) <(./csvq.sh fmt fixtures/multiline.csv'
2026-08-16 15:48:15 EVENT PostToolBatch  status=active passed=5/6
2026-08-16 15:48:21 EVENT MessageDisplay  status=active passed=5/6
2026-08-16 15:48:24 CONFIRM re-running all 6 criteria before completion
2026-08-16 15:48:24 VERIFY manual pass=6 fail=0
2026-08-16 15:48:31 CONFIRM re-running all 6 criteria before completion
2026-08-16 15:51:45 COMPLETE all 6 criteria passed (BLIND: R1 SURVIVED 1/3 operators (deps INFERRED from the command) -- survived: truncate R2 SURVIVED 1/3 operators (deps INFERRED from the command) -- survived: truncate R3 SURVIVED 1/3 operators (deps INFERRED from the command) -- survived: truncate R4 SURVIVED 1/3 operators (deps INFERRED from the command) -- survived: truncate R5 SURVIVED 1/3 operators (deps INFERRED from the command) -- survived: truncate R6 SURVIVED 1/3 operators (deps INFERRED from the command) -- survived: truncate)
2026-08-16 15:51:45 INIT (draft) goal='Give csvq.sh relational operations per SPECQ2.md: left join, stable multi-key so' budget=12 stall=5
2026-08-16 15:51:45 ACTIVATE criteria=6 budget=12 sealed=6
2026-08-16 15:51:45 QUEUE-ADVANCE from=rfc to=relational criteria=6
2026-08-16 15:51:49 SET GATE_REDTEAM=strict
2026-08-16 15:51:49 SET GATE_FLAKY=strict
2026-08-16 15:51:49 SET GATE_MUTATE=warn
2026-08-16 15:51:49 EVENT PostToolBatch  status=active passed=0/6
2026-08-16 15:51:54 EVENT MessageDisplay  status=active passed=0/6
2026-08-16 15:52:37 EVENT MessageDisplay  status=active passed=0/6
2026-08-16 15:52:49 EVENT PostToolBatch  status=active passed=0/6
2026-08-16 15:52:54 CONFIRM re-running all 6 criteria before completion
2026-08-16 15:52:55 VERIFY manual pass=6 fail=0
2026-08-16 15:53:05 EVENT SubagentStart agent=rot-dtd-goal:goal-redteam status=active passed=6/6
2026-08-16 15:53:07 EVENT MessageDisplay  status=active passed=6/6
2026-08-16 15:53:07 EVENT PostToolUseFailure tool=ScheduleWakeup status=active passed=6/6
2026-08-16 15:53:23 EVENT PostToolBatch  status=active passed=6/6
2026-08-16 15:53:54 GUARD denied tool=Bash reason=bash-mutation
2026-08-16 15:53:54 EVENT PostToolBatch  status=active passed=6/6
2026-08-16 15:54:24 EVENT PostToolBatch  status=active passed=6/6
2026-08-16 15:54:43 EVENT SubagentStop agent=rot-dtd-goal:goal-redteam status=active passed=6/6
2026-08-16 15:54:54 EVENT MessageDisplay  status=active passed=6/6
2026-08-16 15:54:55 EVENT PostToolBatch  status=active passed=6/6
2026-08-16 15:54:58 FRESHNESS cleared=6 kept=0 path=/home/user/bench2-csvq/csvq.sh
2026-08-16 15:55:02 CONFIRM re-running all 6 criteria before completion
2026-08-16 15:55:03 VERIFY manual pass=6 fail=0
2026-08-16 15:55:06 CONFIRM re-running all 6 criteria before completion
2026-08-16 15:59:33 COMPLETE all 6 criteria passed (BLIND: S1 SURVIVED 1/3 operators (deps INFERRED from the command) -- survived: truncate S2 SURVIVED 1/3 operators (deps INFERRED from the command) -- survived: truncate S3 SURVIVED 1/3 operators (deps INFERRED from the command) -- survived: truncate S4 SURVIVED 1/3 operators (deps INFERRED from the command) -- survived: truncate S5 SURVIVED 1/3 operators (deps INFERRED from the command) -- survived: truncate S6 SURVIVED 1/3 operators (deps INFERRED from the command) -- survived: truncate)
2026-08-16 15:59:33 INIT (draft) goal='Harden csvq.sh operationally per SPECQ3.md: refusals, usage, scale, size budget ' budget=12 stall=5
2026-08-16 15:59:33 ACTIVATE criteria=6 budget=12 sealed=6
2026-08-16 15:59:33 QUEUE-ADVANCE from=relational to=ops criteria=6
2026-08-16 15:59:37 EVENT MessageDisplay  status=active passed=0/6
2026-08-16 15:59:38 SET GATE_REDTEAM=strict
2026-08-16 15:59:38 SET GATE_FLAKY=strict
2026-08-16 15:59:38 SET GATE_MUTATE=warn
2026-08-16 15:59:38 EVENT PostToolBatch  status=active passed=0/6
2026-08-16 16:00:14 VERIFY manual pass=2 fail=4
2026-08-16 16:00:14 EVENT PostToolUseFailure tool=Bash status=active passed=2/6
2026-08-16 16:00:14 EVENT PostToolBatch  status=active passed=2/6
2026-08-16 16:01:21 EVENT PostToolBatch  status=active passed=2/6
2026-08-16 16:02:40 EVENT PostToolBatch  status=active passed=2/6
2026-08-16 16:03:10 FRESHNESS cleared=2 kept=0 path=/home/user/bench2-csvq/csvq.sh
2026-08-16 16:03:10 EVENT PostToolBatch  status=active passed=0/6
2026-08-16 16:03:18 EVENT MessageDisplay  status=active passed=0/6
2026-08-16 16:03:40 EVENT PostToolBatch  status=active passed=0/6
2026-08-16 16:03:53 VERIFY manual pass=5 fail=1
2026-08-16 16:03:53 EVENT PostToolUseFailure tool=Bash status=active passed=5/6
2026-08-16 16:03:56 EVENT MessageDisplay  status=active passed=5/6
2026-08-16 16:04:08 FRESHNESS cleared=5 kept=0 path=/home/user/bench2-csvq/csvq.sh
2026-08-16 16:04:14 EVENT PostToolBatch  status=active passed=0/6
2026-08-16 16:04:44 EVENT PostToolBatch  status=active passed=0/6
2026-08-16 16:05:14 EVENT PostToolBatch  status=active passed=0/6
2026-08-16 16:05:16 EVENT MessageDisplay  status=active passed=0/6
2026-08-16 16:05:31 CONFIRM re-running all 6 criteria before completion
2026-08-16 16:05:40 VERIFY manual pass=6 fail=0
2026-08-16 16:05:47 EVENT PostToolBatch  status=active passed=6/6
2026-08-16 16:05:49 EVENT MessageDisplay  status=active passed=6/6
2026-08-16 16:06:04 EVENT SubagentStart agent=rot-dtd-goal:goal-redteam status=active passed=6/6
2026-08-16 16:06:38 EVENT PostToolBatch  status=active passed=6/6
2026-08-16 16:07:08 EVENT PostToolBatch  status=active passed=6/6
2026-08-16 16:07:30 GUARD denied tool=Bash reason=bash-mutation
2026-08-16 16:07:39 EVENT PostToolBatch  status=active passed=6/6
2026-08-16 16:08:17 EVENT PostToolBatch  status=active passed=6/6
2026-08-16 16:08:56 EVENT PostToolBatch  status=active passed=6/6
2026-08-16 16:09:25 EVENT PostToolUseFailure tool=Bash status=active passed=6/6
2026-08-16 16:09:52 EVENT PostToolUseFailure tool=Bash status=active passed=6/6
2026-08-16 16:09:53 EVENT PostToolBatch  status=active passed=6/6
2026-08-16 16:09:56 EVENT PostToolUseFailure tool=Bash status=active passed=6/6
2026-08-16 16:09:59 EVENT PostToolUseFailure tool=Bash status=active passed=6/6
2026-08-16 16:10:31 EVENT PostToolBatch  status=active passed=6/6
2026-08-16 16:11:23 EVENT PostToolBatch  status=active passed=6/6
2026-08-16 16:11:58 EVENT PostToolBatch  status=active passed=6/6
2026-08-16 16:12:42 EVENT PostToolBatch  status=active passed=6/6
2026-08-16 16:13:22 EVENT PostToolBatch  status=active passed=6/6
2026-08-16 16:13:39 EVENT SubagentStop agent=rot-dtd-goal:goal-redteam status=active passed=6/6
2026-08-16 16:13:45 EVENT MessageDisplay  status=active passed=6/6
2026-08-16 16:13:53 EVENT PostToolUseFailure tool=Bash status=active passed=6/6
2026-08-16 16:13:53 EVENT PostToolBatch  status=active passed=6/6
2026-08-16 16:14:21 EVENT MessageDisplay  status=active passed=6/6
2026-08-16 16:14:22 FRESHNESS cleared=6 kept=0 path=/home/user/bench2-csvq/csvq.sh
2026-08-16 16:14:24 EVENT PostToolBatch  status=active passed=0/6
2026-08-16 16:14:58 CONFIRM re-running all 6 criteria before completion
2026-08-16 16:15:08 VERIFY manual pass=6 fail=0
2026-08-16 16:15:08 EVENT PostToolBatch  status=active passed=6/6
2026-08-16 16:15:10 EVENT MessageDisplay  status=active passed=6/6
2026-08-16 16:15:16 CONFIRM re-running all 6 criteria before completion
2026-08-16 16:20:49 EVENT SubagentStart agent=rot-dtd-goal:goal-contract-auditor status=active passed=6/6
2026-08-16 16:20:53 EVENT PostToolBatch  status=active passed=6/6
2026-08-16 16:21:24 EVENT PostToolBatch  status=active passed=6/6
2026-08-16 16:22:07 EVENT PostToolBatch  status=active passed=6/6
2026-08-16 16:22:39 EVENT PostToolBatch  status=active passed=6/6
2026-08-16 16:22:51 EVENT MessageDisplay  status=active passed=6/6
2026-08-16 16:22:52 CONFIRM re-running all 6 criteria before completion
2026-08-16 16:22:54 GUARD denied tool=Bash reason=bash-mutation
2026-08-16 16:23:11 EVENT PostToolBatch  status=active passed=6/6
2026-08-16 16:23:52 EVENT PostToolBatch  status=active passed=6/6
2026-08-16 16:24:44 EVENT SubagentStop agent=rot-dtd-goal:goal-contract-auditor status=active passed=6/6
2026-08-16 16:27:59 EVENT MessageDisplay  status=active passed=6/6
2026-08-16 16:28:00 CONFIRM re-running all 6 criteria before completion
2026-08-16 16:33:43 CONFIRM re-running all 6 criteria before completion
2026-08-16 16:40:37 COMPLETE all 6 criteria passed (BLIND: O3 SURVIVED 1/3 operators (deps INFERRED from the command) -- survived: truncate O4 SURVIVED 2/3 operators (deps INFERRED from the command) -- survived: truncate,corrupt O5 SURVIVED 1/3 operators (deps INFERRED from the command) -- survived: truncate O6 SURVIVED 1/3 operators (deps INFERRED from the command) -- survived: truncate)
